12:42:17 **** Incremental Build of configuration Debug for project Hakim_TX_Lora ****
make -j4 all 
arm-none-eabi-gcc "../Core/Src/Lora.c" -mcpu=cortex-m7 -std=gnu11 -g3 -DDEBUG -DUSE_HAL_DRIVER -DSTM32F767xx -c -I../Core/Inc -I../Drivers/STM32F7xx_HAL_Driver/Inc -I../Drivers/STM32F7xx_HAL_Driver/Inc/Legacy -I../Drivers/CMSIS/Device/ST/STM32F7xx/Include -I../Drivers/CMSIS/Include -O0 -ffunction-sections -fdata-sections -Wall -fstack-usage -fcyclomatic-complexity -MMD -MP -MF"Core/Src/Lora.d" -MT"Core/Src/Lora.o" --specs=nano.specs -mfpu=fpv5-d16 -mfloat-abi=hard -mthumb -o "Core/Src/Lora.o"
../Core/Src/Lora.c: In function 'Lora_Tx':
../Core/Src/Lora.c:38:9: warning: implicit declaration of function 'sprintf' [-Wimplicit-function-declaration]
   38 |         sprintf(dato_tx,"%04u*",ADCValue);
      |         ^~~~~~~
../Core/Src/Lora.c:12:1: note: include '<stdio.h>' or provide a declaration of 'sprintf'
   11 | #include "string.h"
  +++ |+#include <stdio.h>
   12 | 
../Core/Src/Lora.c:38:9: warning: incompatible implicit declaration of built-in function 'sprintf' [-Wbuiltin-declaration-mismatch]
   38 |         sprintf(dato_tx,"%04u*",ADCValue);
      |         ^~~~~~~
../Core/Src/Lora.c:38:9: note: include '<stdio.h>' or provide a declaration of 'sprintf'
../Core/Src/Lora.c:38:17: warning: pointer targets in passing argument 1 of 'sprintf' differ in signedness [-Wpointer-sign]
   38 |         sprintf(dato_tx,"%04u*",ADCValue);
      |                 ^~~~~~~
      |                 |
      |                 uint8_t * {aka unsigned char *}
../Core/Src/Lora.c:38:17: note: expected 'char *' but argument is of type 'uint8_t *' {aka 'unsigned char *'}
../Core/Src/Lora.c:40:44: warning: pointer targets in passing argument 1 of 'strlen' differ in signedness [-Wpointer-sign]
   40 | HAL_UART_Transmit(&huart5, dato_tx, strlen(dato_tx),8000);
      |                                            ^~~~~~~
      |                                            |
      |                                            uint8_t * {aka unsigned char *}
In file included from ../Core/Src/Lora.c:11:
C:\ST\STM32CubeIDE_1.13.1\STM32CubeIDE\plugins\com.st.stm32cube.ide.mcu.externaltools.gnu-tools-for-stm32.11.3.rel1.win32_1.1.0.202305231506\tools\bin/../lib/gcc/arm-none-eabi/11.3.1/../../../../arm-none-eabi/include/string.h:41:18: note: expected 'const char *' but argument is of type 'uint8_t *' {aka 'unsigned char *'}
   41 | size_t   strlen (const char *);
      |                  ^~~~~~~~~~~~
arm-none-eabi-gcc -o "Hakim_TX_Lora.elf" @"objects.list"   -mcpu=cortex-m7 -T"C:\Users\DELL\Documents\GitHub\EbyteV1\Hakim_TX_Lora\STM32F767ZITX_FLASH.ld" --specs=nosys.specs -Wl,-Map="Hakim_TX_Lora.map" -Wl,--gc-sections -static --specs=nano.specs -mfpu=fpv5-d16 -mfloat-abi=hard -mthumb -Wl,--start-group -lc -lm -Wl,--end-group
Finished building target: Hakim_TX_Lora.elf
 
arm-none-eabi-size   Hakim_TX_Lora.elf 
arm-none-eabi-objdump -h -S  Hakim_TX_Lora.elf  > "Hakim_TX_Lora.list"
   text	   data	    bss	    dec	    hex	filename
  20288	    100	   2284	  22672	   5890	Hakim_TX_Lora.elf
Finished building: default.size.stdout
 
Finished building: Hakim_TX_Lora.list
 

12:42:19 Build Finished. 0 errors, 4 warnings. (took 1s.997ms)

